
liba.a(a1.o):

program header:

liba.a(a2.o):

program header:

liba.a(a3.o):

program header:

liba.a(a4.o):

program header:
